============================= test session starts =============================
platform win32 -- Python 3.9.6, pytest-8.4.2, pluggy-1.6.0 -- D:\python\python.exe
cachedir: .pytest_cache
rootdir: F:\AAA Work\AIproject\E_Business\backend
configfile: pyproject.toml
plugins: anyio-4.12.1, asyncio-1.2.0
asyncio: mode=strict, debug=False, asyncio_default_fixture_loop_scope=None, asyncio_default_test_loop_scope=function
collecting ... collected 10 items

tests/test_socketio.py::TestSocketManagerUnit::test_socket_manager_initialization PASSED [ 10%]
tests/test_socketio.py::TestSocketManagerUnit::test_get_connected_count_empty PASSED [ 20%]
tests/test_socketio.py::TestSocketManagerUnit::test_get_user_id_not_found PASSED [ 30%]
tests/test_socketio.py::TestEventPayloadSchemas::test_agent_thought_event PASSED [ 40%]
tests/test_socketio.py::TestEventPayloadSchemas::test_agent_tool_call_event PASSED [ 50%]
tests/test_socketio.py::TestEventPayloadSchemas::test_agent_result_event PASSED [ 60%]
tests/test_socketio.py::TestEventPayloadSchemas::test_agent_error_event PASSED [ 70%]
tests/test_socketio.py::TestJWTAuthenticationLogic::test_valid_token_decoded PASSED [ 80%]
tests/test_socketio.py::TestJWTAuthenticationLogic::test_invalid_token_returns_none PASSED [ 90%]
tests/test_socketio.py::TestJWTAuthenticationLogic::test_expired_token_returns_none PASSED [100%]

============================= 10 passed in 0.04s ==============================
